// Jest Snapshot v1, https://goo.gl/fbAQLP

exports[`renders without crashing 1`] = `ShallowWrapper {}`;

exports[`testing bookshelf renders without crashing 1`] = `ShallowWrapper {}`;
